#! /usr/bin/vvp
:ivl_version "12.0 (stable)";
:ivl_delay_selection "TYPICAL";
:vpi_time_precision + 0;
:vpi_module "/usr/lib/x86_64-linux-gnu/ivl/system.vpi";
:vpi_module "/usr/lib/x86_64-linux-gnu/ivl/vhdl_sys.vpi";
:vpi_module "/usr/lib/x86_64-linux-gnu/ivl/vhdl_textio.vpi";
:vpi_module "/usr/lib/x86_64-linux-gnu/ivl/v2005_math.vpi";
:vpi_module "/usr/lib/x86_64-linux-gnu/ivl/va_math.vpi";
S_0x5ab161f43490 .scope module, "sign_ext" "sign_ext" 2 1;
 .timescale 0 0;
    .port_info 0 /INPUT 25 "instr";
    .port_info 1 /INPUT 3 "imm_src";
    .port_info 2 /OUTPUT 32 "imm_ext";
P_0x5ab161f43620 .param/l "IMM_B" 1 2 8, C4<010>;
P_0x5ab161f43660 .param/l "IMM_I" 1 2 6, C4<000>;
P_0x5ab161f436a0 .param/l "IMM_J" 1 2 9, C4<011>;
P_0x5ab161f436e0 .param/l "IMM_S" 1 2 7, C4<001>;
P_0x5ab161f43720 .param/l "IMM_U" 1 2 10, C4<100>;
v0x5ab161f45400_0 .var "imm_ext", 31 0;
o0x71041e7cf048 .functor BUFZ 3, C4<zzz>; HiZ drive
v0x5ab161f8fda0_0 .net "imm_src", 2 0, o0x71041e7cf048;  0 drivers
o0x71041e7cf078 .functor BUFZ 25, C4<zzzzzzzzzzzzzzzzzzzzzzzzz>; HiZ drive
v0x5ab161f8fe80_0 .net "instr", 31 7, o0x71041e7cf078;  0 drivers
E_0x5ab161f7cc30 .event anyedge, v0x5ab161f8fda0_0, v0x5ab161f8fe80_0;
    .scope S_0x5ab161f43490;
T_0 ;
    %wait E_0x5ab161f7cc30;
    %load/vec4 v0x5ab161f8fda0_0;
    %dup/vec4;
    %pushi/vec4 0, 0, 3;
    %cmp/u;
    %jmp/1 T_0.0, 6;
    %dup/vec4;
    %pushi/vec4 1, 0, 3;
    %cmp/u;
    %jmp/1 T_0.1, 6;
    %dup/vec4;
    %pushi/vec4 2, 0, 3;
    %cmp/u;
    %jmp/1 T_0.2, 6;
    %dup/vec4;
    %pushi/vec4 3, 0, 3;
    %cmp/u;
    %jmp/1 T_0.3, 6;
    %dup/vec4;
    %pushi/vec4 4, 0, 3;
    %cmp/u;
    %jmp/1 T_0.4, 6;
    %pushi/vec4 0, 0, 32;
    %store/vec4 v0x5ab161f45400_0, 0, 32;
    %jmp T_0.6;
T_0.0 ;
    %load/vec4 v0x5ab161f8fe80_0;
    %parti/s 1, 24, 6;
    %replicate 20;
    %load/vec4 v0x5ab161f8fe80_0;
    %parti/s 12, 13, 5;
    %concat/vec4; draw_concat_vec4
    %store/vec4 v0x5ab161f45400_0, 0, 32;
    %jmp T_0.6;
T_0.1 ;
    %load/vec4 v0x5ab161f8fe80_0;
    %parti/s 1, 24, 6;
    %replicate 20;
    %load/vec4 v0x5ab161f8fe80_0;
    %parti/s 7, 18, 6;
    %concat/vec4; draw_concat_vec4
    %load/vec4 v0x5ab161f8fe80_0;
    %parti/s 5, 0, 2;
    %concat/vec4; draw_concat_vec4
    %store/vec4 v0x5ab161f45400_0, 0, 32;
    %jmp T_0.6;
T_0.2 ;
    %load/vec4 v0x5ab161f8fe80_0;
    %parti/s 1, 24, 6;
    %replicate 20;
    %load/vec4 v0x5ab161f8fe80_0;
    %parti/s 1, 0, 2;
    %concat/vec4; draw_concat_vec4
    %load/vec4 v0x5ab161f8fe80_0;
    %parti/s 6, 18, 6;
    %concat/vec4; draw_concat_vec4
    %load/vec4 v0x5ab161f8fe80_0;
    %parti/s 4, 1, 2;
    %concat/vec4; draw_concat_vec4
    %concati/vec4 0, 0, 1;
    %store/vec4 v0x5ab161f45400_0, 0, 32;
    %jmp T_0.6;
T_0.3 ;
    %load/vec4 v0x5ab161f8fe80_0;
    %parti/s 1, 24, 6;
    %replicate 12;
    %load/vec4 v0x5ab161f8fe80_0;
    %parti/s 8, 5, 4;
    %concat/vec4; draw_concat_vec4
    %load/vec4 v0x5ab161f8fe80_0;
    %parti/s 1, 13, 5;
    %concat/vec4; draw_concat_vec4
    %load/vec4 v0x5ab161f8fe80_0;
    %parti/s 10, 14, 5;
    %concat/vec4; draw_concat_vec4
    %concati/vec4 0, 0, 1;
    %store/vec4 v0x5ab161f45400_0, 0, 32;
    %jmp T_0.6;
T_0.4 ;
    %load/vec4 v0x5ab161f8fe80_0;
    %parti/s 20, 5, 4;
    %concati/vec4 0, 0, 12;
    %store/vec4 v0x5ab161f45400_0, 0, 32;
    %jmp T_0.6;
T_0.6 ;
    %pop/vec4 1;
    %jmp T_0;
    .thread T_0, $push;
# The file index is used to find the file name in the following table.
:file_names 3;
    "N/A";
    "<interactive>";
    "/home/daphne_li/verilog/Lab/Lab-Manual-RISC-V-2/src/sign_ext.v";
